// Jest Snapshot v1, https://goo.gl/fbAQLP

exports[`should render Header correctly 1`] = `
<header>
  <ul>
    <li>
      <NavLink
        activeClassName="is-active"
        ariaCurrent="true"
        exact={true}
        to="/"
      >
        Home
      </NavLink>
    </li>
    <li>
      <NavLink
        activeClassName="is-active"
        ariaCurrent="true"
        to="/create"
      >
        New Expense
      </NavLink>
    </li>
    <li>
      <NavLink
        activeClassName="is-active"
        ariaCurrent="true"
        to="/settings"
      >
        Settings
      </NavLink>
    </li>
    <li>
      <NavLink
        activeClassName="is-active"
        ariaCurrent="true"
        to="/help"
      >
        Help
      </NavLink>
    </li>
  </ul>
</header>
`;
